Archive member included to satisfy reference by file (symbol)

C:/ST/STM32CubeIDE_1.13.2/STM32CubeIDE/plugins/com.st.stm32cube.ide.mcu.externaltools.gnu-tools-for-stm32.13.3.rel1.win32_1.0.100.202509120712/tools/bin/../lib/gcc/arm-none-eabi/13.3.1/../../../../arm-none-eabi/lib/thumb/v7e-m+fp/hard\libc_nano.a(libc_a-exit.o)
                              C:/ST/STM32CubeIDE_1.13.2/STM32CubeIDE/plugins/com.st.stm32cube.ide.mcu.externaltools.gnu-tools-for-stm32.13.3.rel1.win32_1.0.100.202509120712/tools/bin/../lib/gcc/arm-none-eabi/13.3.1/../../../../arm-none-eabi/lib/thumb/v7e-m+fp/hard/crt0.o (exit)
C:/ST/STM32CubeIDE_1.13.2/STM32CubeIDE/plugins/com.st.stm32cube.ide.mcu.externaltools.gnu-tools-for-stm32.13.3.rel1.win32_1.0.100.202509120712/tools/bin/../lib/gcc/arm-none-eabi/13.3.1/../../../../arm-none-eabi/lib/thumb/v7e-m+fp/hard\libc_nano.a(libc_a-findfp.o)
                              C:/ST/STM32CubeIDE_1.13.2/STM32CubeIDE/plugins/com.st.stm32cube.ide.mcu.externaltools.gnu-tools-for-stm32.13.3.rel1.win32_1.0.100.202509120712/tools/bin/../lib/gcc/arm-none-eabi/13.3.1/../../../../arm-none-eabi/lib/thumb/v7e-m+fp/hard\libc_nano.a(libc_a-exit.o) (__stdio_exit_handler)
C:/ST/STM32CubeIDE_1.13.2/STM32CubeIDE/plugins/com.st.stm32cube.ide.mcu.externaltools.gnu-tools-for-stm32.13.3.rel1.win32_1.0.100.202509120712/tools/bin/../lib/gcc/arm-none-eabi/13.3.1/../../../../arm-none-eabi/lib/thumb/v7e-m+fp/hard\libc_nano.a(libc_a-fwalk.o)
                              C:/ST/STM32CubeIDE_1.13.2/STM32CubeIDE/plugins/com.st.stm32cube.ide.mcu.externaltools.gnu-tools-for-stm32.13.3.rel1.win32_1.0.100.202509120712/tools/bin/../lib/gcc/arm-none-eabi/13.3.1/../../../../arm-none-eabi/lib/thumb/v7e-m+fp/hard\libc_nano.a(libc_a-findfp.o) (_fwalk_sglue)
C:/ST/STM32CubeIDE_1.13.2/STM32CubeIDE/plugins/com.st.stm32cube.ide.mcu.externaltools.gnu-tools-for-stm32.13.3.rel1.win32_1.0.100.202509120712/tools/bin/../lib/gcc/arm-none-eabi/13.3.1/../../../../arm-none-eabi/lib/thumb/v7e-m+fp/hard\libc_nano.a(libc_a-stdio.o)
                              C:/ST/STM32CubeIDE_1.13.2/STM32CubeIDE/plugins/com.st.stm32cube.ide.mcu.externaltools.gnu-tools-for-stm32.13.3.rel1.win32_1.0.100.202509120712/tools/bin/../lib/gcc/arm-none-eabi/13.3.1/../../../../arm-none-eabi/lib/thumb/v7e-m+fp/hard\libc_nano.a(libc_a-findfp.o) (__sread)
C:/ST/STM32CubeIDE_1.13.2/STM32CubeIDE/plugins/com.st.stm32cube.ide.mcu.externaltools.gnu-tools-for-stm32.13.3.rel1.win32_1.0.100.202509120712/tools/bin/../lib/gcc/arm-none-eabi/13.3.1/../../../../arm-none-eabi/lib/thumb/v7e-m+fp/hard\libc_nano.a(libc_a-memset.o)
                              C:/ST/STM32CubeIDE_1.13.2/STM32CubeIDE/plugins/com.st.stm32cube.ide.mcu.externaltools.gnu-tools-for-stm32.13.3.rel1.win32_1.0.100.202509120712/tools/bin/../lib/gcc/arm-none-eabi/13.3.1/../../../../arm-none-eabi/lib/thumb/v7e-m+fp/hard/crt0.o (memset)
C:/ST/STM32CubeIDE_1.13.2/STM32CubeIDE/plugins/com.st.stm32cube.ide.mcu.externaltools.gnu-tools-for-stm32.13.3.rel1.win32_1.0.100.202509120712/tools/bin/../lib/gcc/arm-none-eabi/13.3.1/../../../../arm-none-eabi/lib/thumb/v7e-m+fp/hard\libc_nano.a(libc_a-closer.o)
                              C:/ST/STM32CubeIDE_1.13.2/STM32CubeIDE/plugins/com.st.stm32cube.ide.mcu.externaltools.gnu-tools-for-stm32.13.3.rel1.win32_1.0.100.202509120712/tools/bin/../lib/gcc/arm-none-eabi/13.3.1/../../../../arm-none-eabi/lib/thumb/v7e-m+fp/hard\libc_nano.a(libc_a-stdio.o) (_close_r)
C:/ST/STM32CubeIDE_1.13.2/STM32CubeIDE/plugins/com.st.stm32cube.ide.mcu.externaltools.gnu-tools-for-stm32.13.3.rel1.win32_1.0.100.202509120712/tools/bin/../lib/gcc/arm-none-eabi/13.3.1/../../../../arm-none-eabi/lib/thumb/v7e-m+fp/hard\libc_nano.a(libc_a-reent.o)
                              C:/ST/STM32CubeIDE_1.13.2/STM32CubeIDE/plugins/com.st.stm32cube.ide.mcu.externaltools.gnu-tools-for-stm32.13.3.rel1.win32_1.0.100.202509120712/tools/bin/../lib/gcc/arm-none-eabi/13.3.1/../../../../arm-none-eabi/lib/thumb/v7e-m+fp/hard\libc_nano.a(libc_a-closer.o) (errno)
C:/ST/STM32CubeIDE_1.13.2/STM32CubeIDE/plugins/com.st.stm32cube.ide.mcu.externaltools.gnu-tools-for-stm32.13.3.rel1.win32_1.0.100.202509120712/tools/bin/../lib/gcc/arm-none-eabi/13.3.1/../../../../arm-none-eabi/lib/thumb/v7e-m+fp/hard\libc_nano.a(libc_a-impure.o)
                              C:/ST/STM32CubeIDE_1.13.2/STM32CubeIDE/plugins/com.st.stm32cube.ide.mcu.externaltools.gnu-tools-for-stm32.13.3.rel1.win32_1.0.100.202509120712/tools/bin/../lib/gcc/arm-none-eabi/13.3.1/../../../../arm-none-eabi/lib/thumb/v7e-m+fp/hard\libc_nano.a(libc_a-reent.o) (_impure_ptr)
C:/ST/STM32CubeIDE_1.13.2/STM32CubeIDE/plugins/com.st.stm32cube.ide.mcu.externaltools.gnu-tools-for-stm32.13.3.rel1.win32_1.0.100.202509120712/tools/bin/../lib/gcc/arm-none-eabi/13.3.1/../../../../arm-none-eabi/lib/thumb/v7e-m+fp/hard\libc_nano.a(libc_a-lseekr.o)
[...]
Memory Configuration

Name             Origin             Length             Attributes
RAM              0x20000000         0x00050000         xrw
FLASH            0x08000000         0x00100000         xr
*default*        0x00000000         0xffffffff

Linker script and memory map

LOAD C:/ST/STM32CubeIDE_1.13.2/STM32CubeIDE/plugins/com.st.stm32cube.ide.mcu.externaltools.gnu-tools-for-stm32.13.3.rel1.win32_1.0.100.202509120712/tools/bin/../lib/gcc/arm-none-eabi/13.3.1/thumb/v7e-m+fp/hard/crti.o
LOAD C:/ST/STM32CubeIDE_1.13.2/STM32CubeIDE/plugins/com.st.stm32cube.ide.mcu.externaltools.gnu-tools-for-stm32.13.3.rel1.win32_1.0.100.202509120712/tools/bin/../lib/gcc/arm-none-eabi/13.3.1/thumb/v7e-m+fp/hard/crtbegin.o
LOAD C:/ST/STM32CubeIDE_1.13.2/STM32CubeIDE/plugins/com.st.stm32cube.ide.mcu.externaltools.gnu-tools-for-stm32.13.3.rel1.win32_1.0.100.202509120712/tools/bin/../lib/gcc/arm-none-eabi/13.3.1/../../../../arm-none-eabi/lib/thumb/v7e-m+fp/hard/crt0.o
LOAD ./Core/Src/DP83822.o
LOAD ./Core/Src/ethernet.o
LOAD ./Core/Src/main.o
LOAD ./Core/Src/stm32f7xx_hal_msp.o
LOAD ./Core/Src/stm32f7xx_it.o
LOAD ./Core/Src/syscalls.o
LOAD ./Core/Src/sysmem.o
LOAD ./Core/Src/system_stm32f7xx.o
LOAD ./Core/Startup/startup_stm32f746zgtx.o
LOAD ./Drivers/STM32F7xx_HAL_Driver/Src/stm32f7xx_hal.o
LOAD ./Drivers/STM32F7xx_HAL_Driver/Src/stm32f7xx_hal_can.o
LOAD ./Drivers/STM32F7xx_HAL_Driver/Src/stm32f7xx_hal_cortex.o
LOAD ./Drivers/STM32F7xx_HAL_Driver/Src/stm32f7xx_hal_dma.o
LOAD ./Drivers/STM32F7xx_HAL_Driver/Src/stm32f7xx_hal_dma_ex.o
LOAD ./Drivers/STM32F7xx_HAL_Driver/Src/stm32f7xx_hal_exti.o
LOAD ./Drivers/STM32F7xx_HAL_Driver/Src/stm32f7xx_hal_flash.o
LOAD ./Drivers/STM32F7xx_HAL_Driver/Src/stm32f7xx_hal_flash_ex.o
LOAD ./Drivers/STM32F7xx_HAL_Driver/Src/stm32f7xx_hal_gpio.o
LOAD ./Drivers/STM32F7xx_HAL_Driver/Src/stm32f7xx_hal_i2c.o
LOAD ./Drivers/STM32F7xx_HAL_Driver/Src/stm32f7xx_hal_i2c_ex.o
LOAD ./Drivers/STM32F7xx_HAL_Driver/Src/stm32f7xx_hal_mmc.o
LOAD ./Drivers/STM32F7xx_HAL_Driver/Src/stm32f7xx_hal_pwr.o
LOAD ./Drivers/STM32F7xx_HAL_Driver/Src/stm32f7xx_hal_pwr_ex.o
LOAD ./Drivers/STM32F7xx_HAL_Driver/Src/stm32f7xx_hal_rcc.o
LOAD ./Drivers/STM32F7xx_HAL_Driver/Src/stm32f7xx_hal_rcc_ex.o
LOAD ./Drivers/STM32F7xx_HAL_Driver/Src/stm32f7xx_hal_sd.o
LOAD ./Drivers/STM32F7xx_HAL_Driver/Src/stm32f7xx_hal_uart.o
LOAD ./Drivers/STM32F7xx_HAL_Driver/Src/stm32f7xx_hal_uart_ex.o
LOAD ./Drivers/STM32F7xx_HAL_Driver/Src/stm32f7xx_ll_sdmmc.o
START GROUP
LOAD C:/ST/STM32CubeIDE_1.13.2/STM32CubeIDE/plugins/com.st.stm32cube.ide.mcu.externaltools.gnu-tools-for-stm32.13.3.rel1.win32_1.0.100.202509120712/tools/bin/../lib/gcc/arm-none-eabi/13.3.1/../../../../arm-none-eabi/lib/thumb/v7e-m+fp/hard\libc_nano.a
LOAD C:/ST/STM32CubeIDE_1.13.2/STM32CubeIDE/plugins/com.st.stm32cube.ide.mcu.externaltools.gnu-tools-for-stm32.13.3.rel1.win32_1.0.100.202509120712/tools/bin/../lib/gcc/arm-none-eabi/13.3.1/../../../../arm-none-eabi/lib/thumb/v7e-m+fp/hard\libm.a
END GROUP
START GROUP
LOAD C:/ST/STM32CubeIDE_1.13.2/STM32CubeIDE/plugins/com.st.stm32cube.ide.mcu.externaltools.gnu-tools-for-stm32.13.3.rel1.win32_1.0.100.202509120712/tools/bin/../lib/gcc/arm-none-eabi/13.3.1/thumb/v7e-m+fp/hard\libgcc.a
LOAD C:/ST/STM32CubeIDE_1.13.2/STM32CubeIDE/plugins/com.st.stm32cube.ide.mcu.externaltools.gnu-tools-for-stm32.13.3.rel1.win32_1.0.100.202509120712/tools/bin/../lib/gcc/arm-none-eabi/13.3.1/../../../../arm-none-eabi/lib/thumb/v7e-m+fp/hard\libc_nano.a
END GROUP
START GROUP
LOAD C:/ST/STM32CubeIDE_1.13.2/STM32CubeIDE/plugins/com.st.stm32cube.ide.mcu.externaltools.gnu-tools-for-stm32.13.3.rel1.win32_1.0.100.202509120712/tools/bin/../lib/gcc/arm-none-eabi/13.3.1/thumb/v7e-m+fp/hard\libgcc.a
LOAD C:/ST/STM32CubeIDE_1.13.2/STM32CubeIDE/plugins/com.st.stm32cube.ide.mcu.externaltools.gnu-tools-for-stm32.13.3.rel1.win32_1.0.100.202509120712/tools/bin/../lib/gcc/arm-none-eabi/13.3.1/../../../../arm-none-eabi/lib/thumb/v7e-m+fp/hard\libc_nano.a
LOAD C:/ST/STM32CubeIDE_1.13.2/STM32CubeIDE/plugins/com.st.stm32cube.ide.mcu.externaltools.gnu-tools-for-stm32.13.3.rel1.win32_1.0.100.202509120712/tools/bin/../lib/gcc/arm-none-eabi/13.3.1/../../../../arm-none-eabi/lib/thumb/v7e-m+fp/hard\libnosys.a
END GROUP
START GROUP
LOAD C:/ST/STM32CubeIDE_1.13.2/STM32CubeIDE/plugins/com.st.stm32cube.ide.mcu.externaltools.gnu-tools-for-stm32.13.3.rel1.win32_1.0.100.202509120712/tools/bin/../lib/gcc/arm-none-eabi/13.3.1/thumb/v7e-m+fp/hard\libgcc.a
LOAD C:/ST/STM32CubeIDE_1.13.2/STM32CubeIDE/plugins/com.st.stm32cube.ide.mcu.externaltools.gnu-tools-for-stm32.13.3.rel1.win32_1.0.100.202509120712/tools/bin/../lib/gcc/arm-none-eabi/13.3.1/../../../../arm-none-eabi/lib/thumb/v7e-m+fp/hard\libc_nano.a
LOAD C:/ST/STM32CubeIDE_1.13.2/STM32CubeIDE/plugins/com.st.stm32cube.ide.mcu.externaltools.gnu-tools-for-stm32.13.3.rel1.win32_1.0.100.202509120712/tools/bin/../lib/gcc/arm-none-eabi/13.3.1/../../../../arm-none-eabi/lib/thumb/v7e-m+fp/hard\libnosys.a
END GROUP
LOAD C:/ST/STM32CubeIDE_1.13.2/STM32CubeIDE/plugins/com.st.stm32cube.ide.mcu.externaltools.gnu-tools-for-stm32.13.3.rel1.win32_1.0.100.202509120712/tools/bin/../lib/gcc/arm-none-eabi/13.3.1/thumb/v7e-m+fp/hard/crtend.o
LOAD C:/ST/STM32CubeIDE_1.13.2/STM32CubeIDE/plugins/com.st.stm32cube.ide.mcu.externaltools.gnu-tools-for-stm32.13.3.rel1.win32_1.0.100.202509120712/tools/bin/../lib/gcc/arm-none-eabi/13.3.1/thumb/v7e-m+fp/hard/crtn.o
                0x20050000                        _estack = (ORIGIN (RAM) + LENGTH (RAM))
                0x00000200                        _Min_Heap_Size = 0x200
                0x00000400                        _Min_Stack_Size = 0x400

.isr_vector     0x08000000      0x1c8
                0x08000000                        . = ALIGN (0x4)
 *(.isr_vector)
 .isr_vector    0x08000000      0x1c8 ./Core/Startup/startup_stm32f746zgtx.o
                0x08000000                g_pfnVectors
                0x080001c8                        . = ALIGN (0x4)

.text           0x080001c8     0x3844
                0x080001c8                        . = ALIGN (0x4)
 *(.text)
 .text          0x080001c8       0x40 C:/ST/STM32CubeIDE_1.13.2/STM32CubeIDE/plugins/com.st.stm32cube.ide.mcu.externaltools.gnu-tools-for-stm32.13.3.rel1.win32_1.0.100.202509120712/tools/bin/../lib/gcc/arm-none-eabi/13.3.1/thumb/v7e-m+fp/hard/crtbegin.o
 .text          0x08000208       0x30 C:/ST/STM32CubeIDE_1.13.2/STM32CubeIDE/plugins/com.st.stm32cube.ide.mcu.externaltools.gnu-tools-for-stm32.13.3.rel1.win32_1.0.100.202509120712/tools/bin/../lib/gcc/arm-none-eabi/13.3.1/thumb/v7e-m+fp/hard\libgcc.a(_aeabi_uldivmod.o)
                0x08000208                __aeabi_uldivmod
 .text          0x08000238      0x2f8 C:/ST/STM32CubeIDE_1.13.2/STM32CubeIDE/plugins/com.st.stm32cube.ide.mcu.externaltools.gnu-tools-for-stm32.13.3.rel1.win32_1.0.100.202509120712/tools/bin/../lib/gcc/arm-none-eabi/13.3.1/thumb/v7e-m+fp/hard\libgcc.a(_udivmoddi4.o)
                0x08000238                __udivmoddi4
 .text          0x08000530        0x4 C:/ST/STM32CubeIDE_1.13.2/STM32CubeIDE/plugins/com.st.stm32cube.ide.mcu.externaltools.gnu-tools-for-stm32.13.3.rel1.win32_1.0.100.202509120712/tools/bin/../lib/gcc/arm-none-eabi/13.3.1/thumb/v7e-m+fp/hard\libgcc.a(_dvmd_tls.o)
                0x08000530                __aeabi_idiv0
                0x08000530                __aeabi_ldiv0
 *(.text*)
 .text.DP83822_init
                0x08000534       0x2c ./Core/Src/DP83822.o
                0x08000534                DP83822_init
 .text.ETH_MspInit
                0x08000560       0xdc ./Core/Src/ethernet.o
                0x08000560                ETH_MspInit
 .text.ETH_init_descriptors
                0x0800063c      0x154 ./Core/Src/ethernet.o
                0x0800063c                ETH_init_descriptors
 .text.ETH_init
                0x08000790       0x84 ./Core/Src/ethernet.o
                0x08000790                ETH_init
 .text.ETH_start
                0x08000814       0x34 ./Core/Src/ethernet.o
                0x08000814                ETH_start
 .text.ETH_config_SMI
                0x08000848       0x38 ./Core/Src/ethernet.o
                0x08000848                ETH_config_SMI
 .text.ETH_load_reg_addr
                0x08000880       0x5c ./Core/Src/ethernet.o
                0x08000880                ETH_load_reg_addr
 .text.ETH_write_PHY
                0x080008dc       0x64 ./Core/Src/ethernet.o
                0x080008dc                ETH_write_PHY
 .text.ETH_InterruptRequestHandler
                0x08000940      0x274 ./Core/Src/ethernet.o
                0x08000940                ETH_InterruptRequestHandler
 .text.main     0x08000bb4      0x1dc ./Core/Src/main.o
                0x08000bb4                main
 .text.SystemClock_Config
                0x08000d90       0xd8 ./Core/Src/main.o
                0x08000d90                SystemClock_Config
 .text.MX_CAN1_Init
                0x08000e68       0x6c ./Core/Src/main.o
 .text.MX_CAN2_Init
                0x08000ed4       0x6c ./Core/Src/main.o
 .text.MX_USART2_UART_Init
                0x08000f40       0x60 ./Core/Src/main.o
 .text.MX_USART3_UART_Init
                0x08000fa0       0x60 ./Core/Src/main.o
 .text.MX_GPIO_Init
                0x08001000       0xc4 ./Core/Src/main.o
 .text.MPU_Config
                0x080010c4       0x5c ./Core/Src/main.o
 .text.Error_Handler
                0x08001120        0xc ./Core/Src/main.o
                0x08001120                Error_Handler
 .text.HAL_MspInit
                0x0800112c       0x48 ./Core/Src/stm32f7xx_hal_msp.o
                0x0800112c                HAL_MspInit
 .text.HAL_CAN_MspInit
                0x08001174      0x12c ./Core/Src/stm32f7xx_hal_msp.o
                0x08001174                HAL_CAN_MspInit
 .text.HAL_UART_MspInit
                0x080012a0      0x144 ./Core/Src/stm32f7xx_hal_msp.o
                0x080012a0                HAL_UART_MspInit
 .text.NMI_Handler
                0x080013e4        0x8 ./Core/Src/stm32f7xx_it.o
                0x080013e4                NMI_Handler
 .text.HardFault_Handler
                0x080013ec        0x8 ./Core/Src/stm32f7xx_it.o
                0x080013ec                HardFault_Handler
 .text.MemManage_Handler
                0x080013f4        0x8 ./Core/Src/stm32f7xx_it.o
                0x080013f4                MemManage_Handler
 .text.BusFault_Handler
                0x080013fc        0x8 ./Core/Src/stm32f7xx_it.o
                0x080013fc                BusFault_Handler
 .text.UsageFault_Handler
                0x08001404        0x8 ./Core/Src/stm32f7xx_it.o
                0x08001404                UsageFault_Handler
 .text.SVC_Handler
                0x0800140c        0xe ./Core/Src/stm32f7xx_it.o
                0x0800140c                SVC_Handler
 .text.DebugMon_Handler
                0x0800141a        0xe ./Core/Src/stm32f7xx_it.o
                0x0800141a                DebugMon_Handler
 .text.PendSV_Handler
                0x08001428        0xe ./Core/Src/stm32f7xx_it.o
                0x08001428                PendSV_Handler
 .text.SysTick_Handler
                0x08001436        0xc ./Core/Src/stm32f7xx_it.o
                0x08001436                SysTick_Handler
 .text.ETH_IRQHandler
                0x08001442        0xc ./Core/Src/stm32f7xx_it.o
                0x08001442                ETH_IRQHandler
 *fill*         0x0800144e        0x2 
 .text.SystemInit
                0x08001450       0x24 ./Core/Src/system_stm32f7xx.o
                0x08001450                SystemInit
 .text.Reset_Handler
                0x08001474       0x50 ./Core/Startup/startup_stm32f746zgtx.o
                0x08001474                Reset_Handler
 .text.Default_Handler
                0x080014c4        0x2 ./Core/Startup/startup_stm32f746zgtx.o
                0x080014c4                RTC_Alarm_IRQHandler
                0x080014c4                EXTI2_IRQHandler
                0x080014c4                TIM8_CC_IRQHandler
                0x080014c4                UART8_IRQHandler
                0x080014c4                SPI4_IRQHandler
                0x080014c4                TIM1_CC_IRQHandler
                0x080014c4                DMA2_Stream5_IRQHandler
                0x080014c4                DMA1_Stream5_IRQHandler
                0x080014c4                PVD_IRQHandler
                0x080014c4                TAMP_STAMP_IRQHandler
                0x080014c4                CAN2_RX1_IRQHandler
                0x080014c4                EXTI3_IRQHandler
                0x080014c4                TIM8_TRG_COM_TIM14_IRQHandler
                0x080014c4                TIM1_UP_TIM10_IRQHandler
                0x080014c4                TIM8_UP_TIM13_IRQHandler
                0x080014c4                I2C3_ER_IRQHandler
                0x080014c4                EXTI0_IRQHandler
                0x080014c4                I2C2_EV_IRQHandler
                0x080014c4                DMA1_Stream2_IRQHandler
                0x080014c4                CAN1_RX0_IRQHandler
                0x080014c4                FPU_IRQHandler
                0x080014c4                OTG_HS_WKUP_IRQHandler
                0x080014c4                LTDC_ER_IRQHandler
                0x080014c4                CAN2_SCE_IRQHandler
                0x080014c4                DMA2_Stream2_IRQHandler
                0x080014c4                SPI1_IRQHandler
                0x080014c4                TIM6_DAC_IRQHandler
                0x080014c4                TIM1_BRK_TIM9_IRQHandler
                0x080014c4                DCMI_IRQHandler
                0x080014c4                CAN2_RX0_IRQHandler
                0x080014c4                DMA2_Stream3_IRQHandler
                0x080014c4                SAI2_IRQHandler
                0x080014c4                USART6_IRQHandler
                0x080014c4                USART3_IRQHandler
                0x080014c4                CAN1_RX1_IRQHandler
                0x080014c4                UART5_IRQHandler
                0x080014c4                DMA2_Stream0_IRQHandler
                0x080014c4                TIM4_IRQHandler
                0x080014c4                QUADSPI_IRQHandler
                0x080014c4                I2C1_EV_IRQHandler
                0x080014c4                DMA1_Stream6_IRQHandler
                0x080014c4                DMA1_Stream1_IRQHandler
                0x080014c4                UART4_IRQHandler
                0x080014c4                TIM3_IRQHandler
                0x080014c4                RCC_IRQHandler
                0x080014c4                TIM8_BRK_TIM12_IRQHandler
                0x080014c4                Default_Handler
                0x080014c4                CEC_IRQHandler
                0x080014c4                EXTI15_10_IRQHandler
                0x080014c4                ADC_IRQHandler
                0x080014c4                DMA1_Stream7_IRQHandler
                0x080014c4                SPI5_IRQHandler
                0x080014c4                TIM7_IRQHandler
                0x080014c4                SDMMC1_IRQHandler
                0x080014c4                CAN2_TX_IRQHandler
                0x080014c4                TIM5_IRQHandler
                0x080014c4                DMA2_Stream7_IRQHandler
                0x080014c4                I2C3_EV_IRQHandler
                0x080014c4                EXTI9_5_IRQHandler
                0x080014c4                RTC_WKUP_IRQHandler
                0x080014c4                LTDC_IRQHandler
                0x080014c4                ETH_WKUP_IRQHandler
                0x080014c4                SPDIF_RX_IRQHandler
                0x080014c4                SPI2_IRQHandler
                0x080014c4                OTG_HS_EP1_IN_IRQHandler
                0x080014c4                DMA1_Stream0_IRQHandler
                0x080014c4                CAN1_TX_IRQHandler
                0x080014c4                EXTI4_IRQHandler
                0x080014c4                RNG_IRQHandler
                0x080014c4                OTG_HS_EP1_OUT_IRQHandler
                0x080014c4                WWDG_IRQHandler
                0x080014c4                SPI6_IRQHandler
                0x080014c4                I2C4_EV_IRQHandler
                0x080014c4                TIM2_IRQHandler
                0x080014c4                OTG_FS_WKUP_IRQHandler
                0x080014c4                TIM1_TRG_COM_TIM11_IRQHandler
                0x080014c4                OTG_HS_IRQHandler
                0x080014c4                DMA2D_IRQHandler
                0x080014c4                EXTI1_IRQHandler
                0x080014c4                UART7_IRQHandler
                0x080014c4                USART2_IRQHandler
                0x080014c4                I2C2_ER_IRQHandler
                0x080014c4                DMA2_Stream1_IRQHandler
                0x080014c4                CAN1_SCE_IRQHandler
                0x080014c4                FLASH_IRQHandler
                0x080014c4                DMA2_Stream4_IRQHandler
                0x080014c4                USART1_IRQHandler
                0x080014c4                OTG_FS_IRQHandler
                0x080014c4                SPI3_IRQHandler
                0x080014c4                DMA1_Stream4_IRQHandler
                0x080014c4                I2C1_ER_IRQHandler
                0x080014c4                FMC_IRQHandler
                0x080014c4                LPTIM1_IRQHandler
                0x080014c4                I2C4_ER_IRQHandler
                0x080014c4                DMA2_Stream6_IRQHandler
                0x080014c4                SAI1_IRQHandler
                0x080014c4                DMA1_Stream3_IRQHandler
 .text.HAL_Init
                0x080014c6       0x1a ./Drivers/STM32F7xx_HAL_Driver/Src/stm32f7xx_hal.o
                0x080014c6                HAL_Init
 .text.HAL_InitTick
                0x080014e0       0x60 ./Drivers/STM32F7xx_HAL_Driver/Src/stm32f7xx_hal.o
                0x080014e0                HAL_InitTick
 .text.HAL_IncTick
                0x08001540       0x28 ./Drivers/STM32F7xx_HAL_Driver/Src/stm32f7xx_hal.o
                0x08001540                HAL_IncTick
 .text.HAL_GetTick
                0x08001568       0x18 ./Drivers/STM32F7xx_HAL_Driver/Src/stm32f7xx_hal.o
                0x08001568                HAL_GetTick
 .text.HAL_Delay
                0x08001580       0x48 ./Drivers/STM32F7xx_HAL_Driver/Src/stm32f7xx_hal.o
                0x08001580                HAL_Delay
 .text.HAL_CAN_Init
                0x080015c8      0x1f6 ./Drivers/STM32F7xx_HAL_Driver/Src/stm32f7xx_hal_can.o
                0x080015c8                HAL_CAN_Init
 *fill*         0x080017be        0x2 
 .text.__NVIC_SetPriorityGrouping
                0x080017c0       0x48 ./Drivers/STM32F7xx_HAL_Driver/Src/stm32f7xx_hal_cortex.o
 .text.__NVIC_GetPriorityGrouping
                0x08001808       0x1c ./Drivers/STM32F7xx_HAL_Driver/Src/stm32f7xx_hal_cortex.o
 .text.__NVIC_EnableIRQ
                0x08001824       0x3c ./Drivers/STM32F7xx_HAL_Driver/Src/stm32f7xx_hal_cortex.o
 .text.__NVIC_SetPriority
                0x08001860       0x54 ./Drivers/STM32F7xx_HAL_Driver/Src/stm32f7xx_hal_cortex.o
 .text.NVIC_EncodePriority
                0x080018b4       0x66 ./Drivers/STM32F7xx_HAL_Driver/Src/stm32f7xx_hal_cortex.o
 *fill*         0x0800191a        0x2 
 .text.SysTick_Config
                0x0800191c       0x44 ./Drivers/STM32F7xx_HAL_Driver/Src/stm32f7xx_hal_cortex.o
 .text.HAL_NVIC_SetPriorityGrouping
                0x08001960       0x16 ./Drivers/STM32F7xx_HAL_Driver/Src/stm32f7xx_hal_cortex.o
                0x08001960                HAL_NVIC_SetPriorityGrouping
 .text.HAL_NVIC_SetPriority
                0x08001976       0x38 ./Drivers/STM32F7xx_HAL_Driver/Src/stm32f7xx_hal_cortex.o
                0x08001976                HAL_NVIC_SetPriority
 .text.HAL_NVIC_EnableIRQ
                0x080019ae       0x1c ./Drivers/STM32F7xx_HAL_Driver/Src/stm32f7xx_hal_cortex.o
                0x080019ae                HAL_NVIC_EnableIRQ
 .text.HAL_SYSTICK_Config
                0x080019ca       0x18 ./Drivers/STM32F7xx_HAL_Driver/Src/stm32f7xx_hal_cortex.o
                0x080019ca                HAL_SYSTICK_Config
 *fill*         0x080019e2        0x2 
 .text.HAL_MPU_Disable
                0x080019e4       0x30 ./Drivers/STM32F7xx_HAL_Driver/Src/stm32f7xx_hal_cortex.o
                0x080019e4                HAL_MPU_Disable
 .text.HAL_MPU_Enable
                0x08001a14       0x40 ./Drivers/STM32F7xx_HAL_Driver/Src/stm32f7xx_hal_cortex.o
                0x08001a14                HAL_MPU_Enable
 .text.HAL_MPU_ConfigRegion
                0x08001a54       0x80 ./Drivers/STM32F7xx_HAL_Driver/Src/stm32f7xx_hal_cortex.o
                0x08001a54                HAL_MPU_ConfigRegion
 .text.HAL_GPIO_Init
                0x08001ad4      0x358 ./Drivers/STM32F7xx_HAL_Driver/Src/stm32f7xx_hal_gpio.o
                0x08001ad4                HAL_GPIO_Init
 .text.HAL_GPIO_WritePin
                0x08001e2c       0x32 ./Drivers/STM32F7xx_HAL_Driver/Src/stm32f7xx_hal_gpio.o
                0x08001e2c                HAL_GPIO_WritePin
 .text.HAL_GPIO_TogglePin
                0x08001e5e       0x34 ./Drivers/STM32F7xx_HAL_Driver/Src/stm32f7xx_hal_gpio.o
                0x08001e5e                HAL_GPIO_TogglePin
 *fill*         0x08001e92        0x2 
 .text.HAL_PWREx_EnableOverDrive
                0x08001e94       0xa0 ./Drivers/STM32F7xx_HAL_Driver/Src/stm32f7xx_hal_pwr_ex.o
                0x08001e94                HAL_PWREx_EnableOverDrive
 .text.HAL_RCC_OscConfig
                0x08001f34      0x548 ./Drivers/STM32F7xx_HAL_Driver/Src/stm32f7xx_hal_rcc.o
                0x08001f34                HAL_RCC_OscConfig
 .text.HAL_RCC_ClockConfig
                0x0800247c      0x1d8 ./Drivers/STM32F7xx_HAL_Driver/Src/stm32f7xx_hal_rcc.o
                0x0800247c                HAL_RCC_ClockConfig
 .text.HAL_RCC_GetSysClockFreq
                0x08002654      0x208 ./Drivers/STM32F7xx_HAL_Driver/Src/stm32f7xx_hal_rcc.o
                0x08002654                HAL_RCC_GetSysClockFreq
 .text.HAL_RCC_GetHCLKFreq
                0x0800285c       0x18 ./Drivers/STM32F7xx_HAL_Driver/Src/stm32f7xx_hal_rcc.o
                0x0800285c                HAL_RCC_GetHCLKFreq
 .text.HAL_RCC_GetPCLK1Freq
                0x08002874       0x28 ./Drivers/STM32F7xx_HAL_Driver/Src/stm32f7xx_hal_rcc.o
                0x08002874                HAL_RCC_GetPCLK1Freq
 .text.HAL_RCC_GetPCLK2Freq
                0x0800289c       0x28 ./Drivers/STM32F7xx_HAL_Driver/Src/stm32f7xx_hal_rcc.o
                0x0800289c                HAL_RCC_GetPCLK2Freq
 .text.HAL_RCCEx_PeriphCLKConfig
                0x080028c4      0x7e0 ./Drivers/STM32F7xx_HAL_Driver/Src/stm32f7xx_hal_rcc_ex.o
                0x080028c4                HAL_RCCEx_PeriphCLKConfig
 .text.HAL_UART_Init
                0x080030a4       0x9c ./Drivers/STM32F7xx_HAL_Driver/Src/stm32f7xx_hal_uart.o
                0x080030a4                HAL_UART_Init
 .text.UART_SetConfig
                0x08003140      0x4c8 ./Drivers/STM32F7xx_HAL_Driver/Src/stm32f7xx_hal_uart.o
                0x08003140                UART_SetConfig
 .text.UART_AdvFeatureConfig
                0x08003608      0x144 ./Drivers/STM32F7xx_HAL_Driver/Src/stm32f7xx_hal_uart.o
                0x08003608                UART_AdvFeatureConfig
 .text.UART_CheckIdleState
                0x0800374c       0xae ./Drivers/STM32F7xx_HAL_Driver/Src/stm32f7xx_hal_uart.o
                0x0800374c                UART_CheckIdleState
 .text.UART_WaitOnFlagUntilTimeout
                0x080037fa       0xda ./Drivers/STM32F7xx_HAL_Driver/Src/stm32f7xx_hal_uart.o
                0x080037fa                UART_WaitOnFlagUntilTimeout
 .text.UART_EndRxTransfer
                0x080038d4       0xc8 ./Drivers/STM32F7xx_HAL_Driver/Src/stm32f7xx_hal_uart.o
 .text.memset   0x0800399c       0x10 C:/ST/STM32CubeIDE_1.13.2/STM32CubeIDE/plugins/com.st.stm32cube.ide.mcu.externaltools.gnu-tools-for-stm32.13.3.rel1.win32_1.0.100.202509120712/tools/bin/../lib/gcc/arm-none-eabi/13.3.1/../../../../arm-none-eabi/lib/thumb/v7e-m+fp/hard\libc_nano.a(libc_a-memset.o)
                0x0800399c                memset
 .text.__libc_init_array
                0x080039ac       0x48 C:/ST/STM32CubeIDE_1.13.2/STM32CubeIDE/plugins/com.st.stm32cube.ide.mcu.externaltools.gnu-tools-for-stm32.13.3.rel1.win32_1.0.100.202509120712/tools/bin/../lib/gcc/arm-none-eabi/13.3.1/../../../../arm-none-eabi/lib/thumb/v7e-m+fp/hard\libc_nano.a(libc_a-init.o)
                0x080039ac                __libc_init_array
 *(.glue_7)
 .glue_7        0x080039f4        0x0 linker stubs
 *(.glue_7t)
 .glue_7t       0x080039f4        0x0 linker stubs
 *(.eh_frame)
 .eh_frame      0x080039f4        0x0 C:/ST/STM32CubeIDE_1.13.2/STM32CubeIDE/plugins/com.st.stm32cube.ide.mcu.externaltools.gnu-tools-for-stm32.13.3.rel1.win32_1.0.100.202509120712/tools/bin/../lib/gcc/arm-none-eabi/13.3.1/thumb/v7e-m+fp/hard/crtbegin.o
 *(.init)
 .init          0x080039f4        0x4 C:/ST/STM32CubeIDE_1.13.2/STM32CubeIDE/plugins/com.st.stm32cube.ide.mcu.externaltools.gnu-tools-for-stm32.13.3.rel1.win32_1.0.100.202509120712/tools/bin/../lib/gcc/arm-none-eabi/13.3.1/thumb/v7e-m+fp/hard/crti.o
                0x080039f4                _init
 .init          0x080039f8        0x8 C:/ST/STM32CubeIDE_1.13.2/STM32CubeIDE/plugins/com.st.stm32cube.ide.mcu.externaltools.gnu-tools-for-stm32.13.3.rel1.win32_1.0.100.202509120712/tools/bin/../lib/gcc/arm-none-eabi/13.3.1/thumb/v7e-m+fp/hard/crtn.o
 *(.fini)
 .fini          0x08003a00        0x4 C:/ST/STM32CubeIDE_1.13.2/STM32CubeIDE/plugins/com.st.stm32cube.ide.mcu.externaltools.gnu-tools-for-stm32.13.3.rel1.win32_1.0.100.202509120712/tools/bin/../lib/gcc/arm-none-eabi/13.3.1/thumb/v7e-m+fp/hard/crti.o
                0x08003a00                _fini
 .fini          0x08003a04        0x8 C:/ST/STM32CubeIDE_1.13.2/STM32CubeIDE/plugins/com.st.stm32cube.ide.mcu.externaltools.gnu-tools-for-stm32.13.3.rel1.win32_1.0.100.202509120712/tools/bin/../lib/gcc/arm-none-eabi/13.3.1/thumb/v7e-m+fp/hard/crtn.o
                0x08003a0c                        . = ALIGN (0x4)
                0x08003a0c                        _etext = .

.vfp11_veneer   0x08003a0c        0x0
 .vfp11_veneer  0x08003a0c        0x0 linker stubs

.v4_bx          0x08003a0c        0x0
 .v4_bx         0x08003a0c        0x0 linker stubs

.iplt           0x08003a0c        0x0
 .iplt          0x08003a0c        0x0 C:/ST/STM32CubeIDE_1.13.2/STM32CubeIDE/plugins/com.st.stm32cube.ide.mcu.externaltools.gnu-tools-for-stm32.13.3.rel1.win32_1.0.100.202509120712/tools/bin/../lib/gcc/arm-none-eabi/13.3.1/thumb/v7e-m+fp/hard/crtbegin.o

.rodata         0x08003a0c       0x18
                0x08003a0c                        . = ALIGN (0x4)
 *(.rodata)
 *(.rodata*)
 .rodata.AHBPrescTable
                0x08003a0c       0x10 ./Core/Src/system_stm32f7xx.o
                0x08003a0c                AHBPrescTable
 .rodata.APBPrescTable
                0x08003a1c        0x8 ./Core/Src/system_stm32f7xx.o
                0x08003a1c                APBPrescTable
                0x08003a24                        . = ALIGN (0x4)

.ARM.extab      0x08003a24        0x0
                0x08003a24                        . = ALIGN (0x4)
 *(.ARM.extab* .gnu.linkonce.armextab.*)
                0x08003a24                        . = ALIGN (0x4)

.ARM            0x08003a24        0x8
                0x08003a24                        . = ALIGN (0x4)
                0x08003a24                        __exidx_start = .
 *(.ARM.exidx*)
 .ARM.exidx     0x08003a24        0x8 C:/ST/STM32CubeIDE_1.13.2/STM32CubeIDE/plugins/com.st.stm32cube.ide.mcu.externaltools.gnu-tools-for-stm32.13.3.rel1.win32_1.0.100.202509120712/tools/bin/../lib/gcc/arm-none-eabi/13.3.1/thumb/v7e-m+fp/hard\libgcc.a(_udivmoddi4.o)
                0x08003a2c                        __exidx_end = .
                0x08003a2c                        . = ALIGN (0x4)

.preinit_array  0x08003a2c        0x0
                0x08003a2c                        . = ALIGN (0x4)
                0x08003a2c                        PROVIDE (__preinit_array_start = .)
 *(.preinit_array*)
                0x08003a2c                        PROVIDE (__preinit_array_end = .)
                0x08003a2c                        . = ALIGN (0x4)

.init_array     0x08003a2c        0x4
                0x08003a2c                        . = ALIGN (0x4)
                0x08003a2c                        PROVIDE (__init_array_start = .)
 *(SORT_BY_NAME(.init_array.*))
 *(.init_array*)
 .init_array    0x08003a2c        0x4 C:/ST/STM32CubeIDE_1.13.2/STM32CubeIDE/plugins/com.st.stm32cube.ide.mcu.externaltools.gnu-tools-for-stm32.13.3.rel1.win32_1.0.100.202509120712/tools/bin/../lib/gcc/arm-none-eabi/13.3.1/thumb/v7e-m+fp/hard/crtbegin.o
                0x08003a30                        PROVIDE (__init_array_end = .)
                0x08003a30                        . = ALIGN (0x4)

.fini_array     0x08003a30        0x4
                0x08003a30                        . = ALIGN (0x4)
                [!provide]                        PROVIDE (__fini_array_start = .)
 *(SORT_BY_NAME(.fini_array.*))
 *(.fini_array*)
 .fini_array    0x08003a30        0x4 C:/ST/STM32CubeIDE_1.13.2/STM32CubeIDE/plugins/com.st.stm32cube.ide.mcu.externaltools.gnu-tools-for-stm32.13.3.rel1.win32_1.0.100.202509120712/tools/bin/../lib/gcc/arm-none-eabi/13.3.1/thumb/v7e-m+fp/hard/crtbegin.o
                [!provide]                        PROVIDE (__fini_array_end = .)
                0x08003a34                        . = ALIGN (0x4)
                0x08003a34                        _sidata = LOADADDR (.data)

.rel.dyn        0x08003a34        0x0
 .rel.iplt      0x08003a34        0x0 C:/ST/STM32CubeIDE_1.13.2/STM32CubeIDE/plugins/com.st.stm32cube.ide.mcu.externaltools.gnu-tools-for-stm32.13.3.rel1.win32_1.0.100.202509120712/tools/bin/../lib/gcc/arm-none-eabi/13.3.1/thumb/v7e-m+fp/hard/crtbegin.o

.data           0x20000000        0xc load address 0x08003a34
                0x20000000                        . = ALIGN (0x4)
                0x20000000                        _sdata = .
 *(.data)
 *(.data*)
 .data.SystemCoreClock
                0x20000000        0x4 ./Core/Src/system_stm32f7xx.o
                0x20000000                SystemCoreClock
 .data.uwTickPrio
                0x20000004        0x4 ./Drivers/STM32F7xx_HAL_Driver/Src/stm32f7xx_hal.o
                0x20000004                uwTickPrio
 .data.uwTickFreq
                0x20000008        0x1 ./Drivers/STM32F7xx_HAL_Driver/Src/stm32f7xx_hal.o
                0x20000008                uwTickFreq
 *(.RamFunc)
 *(.RamFunc*)
                0x2000000c                        . = ALIGN (0x4)
 *fill*         0x20000009        0x3 
                0x2000000c                        _edata = .

.igot.plt       0x2000000c        0x0 load address 0x08003a40
 .igot.plt      0x2000000c        0x0 C:/ST/STM32CubeIDE_1.13.2/STM32CubeIDE/plugins/com.st.stm32cube.ide.mcu.externaltools.gnu-tools-for-stm32.13.3.rel1.win32_1.0.100.202509120712/tools/bin/../lib/gcc/arm-none-eabi/13.3.1/thumb/v7e-m+fp/hard/crtbegin.o
                0x2000000c                        . = ALIGN (0x4)

.bss            0x2000000c      0x184 load address 0x08003a40
                0x2000000c                        _sbss = .
                0x2000000c                        __bss_start__ = _sbss
 *(.bss)
 .bss           0x2000000c       0x1c C:/ST/STM32CubeIDE_1.13.2/STM32CubeIDE/plugins/com.st.stm32cube.ide.mcu.externaltools.gnu-tools-for-stm32.13.3.rel1.win32_1.0.100.202509120712/tools/bin/../lib/gcc/arm-none-eabi/13.3.1/thumb/v7e-m+fp/hard/crtbegin.o
 *(.bss*)
 .bss.hcan1     0x20000028       0x28 ./Core/Src/main.o
                0x20000028                hcan1
 .bss.hcan2     0x20000050       0x28 ./Core/Src/main.o
                0x20000050                hcan2
 .bss.huart2    0x20000078       0x88 ./Core/Src/main.o
                0x20000078                huart2
 .bss.huart3    0x20000100       0x88 ./Core/Src/main.o
                0x20000100                huart3
 .bss.HAL_RCC_CAN1_CLK_ENABLED
                0x20000188        0x4 ./Core/Src/stm32f7xx_hal_msp.o
 .bss.uwTick    0x2000018c        0x4 ./Drivers/STM32F7xx_HAL_Driver/Src/stm32f7xx_hal.o
                0x2000018c                uwTick
 *(COMMON)
                0x20000190                        . = ALIGN (0x4)
                0x20000190                        _ebss = .
                0x20000190                        __bss_end__ = _ebss

._user_heap_stack
                0x20000190      0x600 load address 0x08003a40
                0x20000190                        . = ALIGN (0x8)
                [!provide]                        PROVIDE (end = .)
                0x20000190                        PROVIDE (_end = .)
                0x20000390                        . = (. + _Min_Heap_Size)
 *fill*         0x20000190      0x200 
                0x20000790                        . = (. + _Min_Stack_Size)
 *fill*         0x20000390      0x400 
                0x20000790                        . = ALIGN (0x8)

.eth_sec        0x20000790    0x4bab0 load address 0x08003a40
                0x2004c000                        . = ABSOLUTE (0x2004c000)
 *fill*         0x20000790    0x4b870 
 *(.RxDescripSection)
 .RxDescripSection
                0x2004c000       0x40 ./Core/Src/ethernet.o
                0x2004c000                RxDescriptors
                0x2004c0a0                        . = ABSOLUTE (0x2004c0a0)
 *fill*         0x2004c040       0x60 
 *(.TxDescripSection)
 .TxDescripSection
                0x2004c0a0       0x40 ./Core/Src/ethernet.o
                0x2004c0a0                TxDescriptors
                0x2004c100                        . = ABSOLUTE (0x2004c100)
 *fill*         0x2004c0e0       0x20 
 *(.TxBuffer0Section)
 .TxBuffer0Section
                0x2004c100        0x8 ./Core/Src/main.o
                0x2004c100                buf0
                0x2004c108                        . = ABSOLUTE (0x2004c108)
 *(.TxBuffer1Section)
 .TxBuffer1Section
                0x2004c108        0x8 ./Core/Src/main.o
                0x2004c108                buf1
                0x2004c110                        . = ABSOLUTE (0x2004c110)
 *(.TxBuffer2Section)
 .TxBuffer2Section
                0x2004c110        0x8 ./Core/Src/main.o
                0x2004c110                buf2
                0x2004c118                        . = ABSOLUTE (0x2004c118)
 *(.TxBuffer3Section)
 .TxBuffer3Section
                0x2004c118        0x8 ./Core/Src/main.o
                0x2004c118                buf3
                0x2004c120                        . = ABSOLUTE (0x2004c120)
 *(.TxBuffer4Section)
 .TxBuffer4Section
                0x2004c120        0x8 ./Core/Src/main.o
                0x2004c120                buf4
                0x2004c128                        . = ABSOLUTE (0x2004c128)
 *(.TxBuffer5Section)
 .TxBuffer5Section
                0x2004c128        0x8 ./Core/Src/main.o
                0x2004c128                buf5
                0x2004c130                        . = ABSOLUTE (0x2004c130)
 *(.TxBuffer6Section)
 .TxBuffer6Section
                0x2004c130        0x8 ./Core/Src/main.o
                0x2004c130                buf6
                0x2004c138                        . = ABSOLUTE (0x2004c138)
 *(.TxBuffer7Section)
 .TxBuffer7Section
                0x2004c138        0x8 ./Core/Src/main.o
                0x2004c138                buf7
                0x2004c200                        . = ABSOLUTE (0x2004c200)
 *fill*         0x2004c140       0xc0 
 *(.RxBuffer0Section)
 .RxBuffer0Section
                0x2004c200        0x8 ./Core/Src/main.o
                0x2004c200                rbuf0
                0x2004c208                        . = ABSOLUTE (0x2004c208)
 *(.RxBuffer1Section)
 .RxBuffer1Section
                0x2004c208        0x8 ./Core/Src/main.o
                0x2004c208                rbuf1
                0x2004c210                        . = ABSOLUTE (0x2004c210)
 *(.RxBuffer2Section)
 .RxBuffer2Section
                0x2004c210        0x8 ./Core/Src/main.o
                0x2004c210                rbuf2
                0x2004c218                        . = ABSOLUTE (0x2004c218)
 *(.RxBuffer3Section)
 .RxBuffer3Section
                0x2004c218        0x8 ./Core/Src/main.o
                0x2004c218                rbuf3
                0x2004c220                        . = ABSOLUTE (0x2004c220)
 *(.RxBuffer4Section)
 .RxBuffer4Section
                0x2004c220        0x8 ./Core/Src/main.o
                0x2004c220                rbuf4
                0x2004c228                        . = ABSOLUTE (0x2004c228)
 *(.RxBuffer5Section)
 .RxBuffer5Section
                0x2004c228        0x8 ./Core/Src/main.o
                0x2004c228                rbuf5
                0x2004c230                        . = ABSOLUTE (0x2004c230)
 *(.RxBuffer6Section)
 .RxBuffer6Section
                0x2004c230        0x8 ./Core/Src/main.o
                0x2004c230                rbuf6
                0x2004c238                        . = ABSOLUTE (0x2004c238)
 *(.RxBuffer7Section)
 .RxBuffer7Section
                0x2004c238        0x8 ./Core/Src/main.o
                0x2004c238                rbuf7

/DISCARD/
 libc.a(*)
 libm.a(*)
 libgcc.a(*)

.ARM.attributes
                0x00000000       0x30
 *(.ARM.attributes)
 .ARM.attributes
                0x00000000       0x22 C:/ST/STM32CubeIDE_1.13.2/STM32CubeIDE/plugins/com.st.stm32cube.ide.mcu.externaltools.gnu-tools-for-stm32.13.3.rel1.win32_1.0.100.202509120712/tools/bin/../lib/gcc/arm-none-eabi/13.3.1/thumb/v7e-m+fp/hard/crti.o
 .ARM.attributes
                0x00000022       0x34 C:/ST/STM32CubeIDE_1.13.2/STM32CubeIDE/plugins/com.st.stm32cube.ide.mcu.externaltools.gnu-tools-for-stm32.13.3.rel1.win32_1.0.100.202509120712/tools/bin/../lib/gcc/arm-none-eabi/13.3.1/thumb/v7e-m+fp/hard/crtbegin.o
 .ARM.attributes
                0x00000056       0x34 ./Core/Src/DP83822.o
 .ARM.attributes
                0x0000008a       0x34 ./Core/Src/ethernet.o
 .ARM.attributes
                0x000000be       0x34 ./Core/Src/main.o
 .ARM.attributes
                0x000000f2       0x34 ./Core/Src/stm32f7xx_hal_msp.o
 .ARM.attributes
                0x00000126       0x34 ./Core/Src/stm32f7xx_it.o
 .ARM.attributes
                0x0000015a       0x34 ./Core/Src/system_stm32f7xx.o
 .ARM.attributes
                0x0000018e       0x21 ./Core/Startup/startup_stm32f746zgtx.o
 .ARM.attributes
                0x000001af       0x34 ./Drivers/STM32F7xx_HAL_Driver/Src/stm32f7xx_hal.o
 .ARM.attributes
                0x000001e3       0x34 ./Drivers/STM32F7xx_HAL_Driver/Src/stm32f7xx_hal_can.o
 .ARM.attributes
                0x00000217       0x34 ./Drivers/STM32F7xx_HAL_Driver/Src/stm32f7xx_hal_cortex.o
 .ARM.attributes
                0x0000024b       0x34 ./Drivers/STM32F7xx_HAL_Driver/Src/stm32f7xx_hal_gpio.o
 .ARM.attributes
                0x0000027f       0x34 ./Drivers/STM32F7xx_HAL_Driver/Src/stm32f7xx_hal_pwr_ex.o
 .ARM.attributes
                0x000002b3       0x34 ./Drivers/STM32F7xx_HAL_Driver/Src/stm32f7xx_hal_rcc.o
 .ARM.attributes
                0x000002e7       0x34 ./Drivers/STM32F7xx_HAL_Driver/Src/stm32f7xx_hal_rcc_ex.o
 .ARM.attributes
                0x0000031b       0x34 ./Drivers/STM32F7xx_HAL_Driver/Src/stm32f7xx_hal_uart.o
 .ARM.attributes
                0x0000034f       0x34 C:/ST/STM32CubeIDE_1.13.2/STM32CubeIDE/plugins/com.st.stm32cube.ide.mcu.externaltools.gnu-tools-for-stm32.13.3.rel1.win32_1.0.100.202509120712/tools/bin/../lib/gcc/arm-none-eabi/13.3.1/../../../../arm-none-eabi/lib/thumb/v7e-m+fp/hard\libc_nano.a(libc_a-memset.o)
 .ARM.attributes
                0x00000383       0x34 C:/ST/STM32CubeIDE_1.13.2/STM32CubeIDE/plugins/com.st.stm32cube.ide.mcu.externaltools.gnu-tools-for-stm32.13.3.rel1.win32_1.0.100.202509120712/tools/bin/../lib/gcc/arm-none-eabi/13.3.1/../../../../arm-none-eabi/lib/thumb/v7e-m+fp/hard\libc_nano.a(libc_a-init.o)
 .ARM.attributes
                0x000003b7       0x22 C:/ST/STM32CubeIDE_1.13.2/STM32CubeIDE/plugins/com.st.stm32cube.ide.mcu.externaltools.gnu-tools-for-stm32.13.3.rel1.win32_1.0.100.202509120712/tools/bin/../lib/gcc/arm-none-eabi/13.3.1/thumb/v7e-m+fp/hard\libgcc.a(_aeabi_uldivmod.o)
 .ARM.attributes
                0x000003d9       0x34 C:/ST/STM32CubeIDE_1.13.2/STM32CubeIDE/plugins/com.st.stm32cube.ide.mcu.externaltools.gnu-tools-for-stm32.13.3.rel1.win32_1.0.100.202509120712/tools/bin/../lib/gcc/arm-none-eabi/13.3.1/thumb/v7e-m+fp/hard\libgcc.a(_udivmoddi4.o)
 .ARM.attributes
                0x0000040d       0x22 C:/ST/STM32CubeIDE_1.13.2/STM32CubeIDE/plugins/com.st.stm32cube.ide.mcu.externaltools.gnu-tools-for-stm32.13.3.rel1.win32_1.0.100.202509120712/tools/bin/../lib/gcc/arm-none-eabi/13.3.1/thumb/v7e-m+fp/hard\libgcc.a(_dvmd_tls.o)
 .ARM.attributes
                0x0000042f       0x22 C:/ST/STM32CubeIDE_1.13.2/STM32CubeIDE/plugins/com.st.stm32cube.ide.mcu.externaltools.gnu-tools-for-stm32.13.3.rel1.win32_1.0.100.202509120712/tools/bin/../lib/gcc/arm-none-eabi/13.3.1/thumb/v7e-m+fp/hard/crtn.o
OUTPUT(Ethernet_Test.elf elf32-littlearm)
LOAD linker stubs
LOAD C:/ST/STM32CubeIDE_1.13.2/STM32CubeIDE/plugins/com.st.stm32cube.ide.mcu.externaltools.gnu-tools-for-stm32.13.3.rel1.win32_1.0.100.202509120712/tools/bin/../lib/gcc/arm-none-eabi/13.3.1/../../../../arm-none-eabi/lib/thumb/v7e-m+fp/hard\libc.a
LOAD C:/ST/STM32CubeIDE_1.13.2/STM32CubeIDE/plugins/com.st.stm32cube.ide.mcu.externaltools.gnu-tools-for-stm32.13.3.rel1.win32_1.0.100.202509120712/tools/bin/../lib/gcc/arm-none-eabi/13.3.1/../../../../arm-none-eabi/lib/thumb/v7e-m+fp/hard\libm.a
LOAD C:/ST/STM32CubeIDE_1.13.2/STM32CubeIDE/plugins/com.st.stm32cube.ide.mcu.externaltools.gnu-tools-for-stm32.13.3.rel1.win32_1.0.100.202509120712/tools/bin/../lib/gcc/arm-none-eabi/13.3.1/thumb/v7e-m+fp/hard\libgcc.a

.debug_info     0x00000000     0xc3f2
 .debug_info    0x00000000      0x10f ./Core/Src/DP83822.o
 .debug_info    0x0000010f      0xbcb ./Core/Src/ethernet.o
 .debug_info    0x00000cda     0x176f ./Core/Src/main.o
 .debug_info    0x00002449     0x158b ./Core/Src/stm32f7xx_hal_msp.o
 .debug_info    0x000039d4      0x132 ./Core/Src/stm32f7xx_it.o
 .debug_info    0x00003b06      0x6ed ./Core/Src/system_stm32f7xx.o
 .debug_info    0x000041f3       0x30 ./Core/Startup/startup_stm32f746zgtx.o
 .debug_info    0x00004223      0x9d8 ./Drivers/STM32F7xx_HAL_Driver/Src/stm32f7xx_hal.o
 .debug_info    0x00004bfb      0xf07 ./Drivers/STM32F7xx_HAL_Driver/Src/stm32f7xx_hal_can.o
 .debug_info    0x00005b02      0xf7e ./Drivers/STM32F7xx_HAL_Driver/Src/stm32f7xx_hal_cortex.o
 .debug_info    0x00006a80      0x6e7 ./Drivers/STM32F7xx_HAL_Driver/Src/stm32f7xx_hal_gpio.o
 .debug_info    0x00007167      0x8cd ./Drivers/STM32F7xx_HAL_Driver/Src/stm32f7xx_hal_pwr_ex.o
 .debug_info    0x00007a34      0x8f0 ./Drivers/STM32F7xx_HAL_Driver/Src/stm32f7xx_hal_rcc.o
 .debug_info    0x00008324      0x6bd ./Drivers/STM32F7xx_HAL_Driver/Src/stm32f7xx_hal_rcc_ex.o
 .debug_info    0x000089e1     0x3a11 ./Drivers/STM32F7xx_HAL_Driver/Src/stm32f7xx_hal_uart.o

.debug_abbrev   0x00000000     0x1c6e
 .debug_abbrev  0x00000000       0x6f ./Core/Src/DP83822.o
 .debug_abbrev  0x0000006f      0x270 ./Core/Src/ethernet.o
 .debug_abbrev  0x000002df      0x2e3 ./Core/Src/main.o
 .debug_abbrev  0x000005c2      0x269 ./Core/Src/stm32f7xx_hal_msp.o
 .debug_abbrev  0x0000082b       0xa2 ./Core/Src/stm32f7xx_it.o
 .debug_abbrev  0x000008cd      0x13b ./Core/Src/system_stm32f7xx.o
 .debug_abbrev  0x00000a08       0x24 ./Core/Startup/startup_stm32f746zgtx.o
 .debug_abbrev  0x00000a2c      0x213 ./Drivers/STM32F7xx_HAL_Driver/Src/stm32f7xx_hal.o
 .debug_abbrev  0x00000c3f      0x231 ./Drivers/STM32F7xx_HAL_Driver/Src/stm32f7xx_hal_can.o
 .debug_abbrev  0x00000e70      0x31e ./Drivers/STM32F7xx_HAL_Driver/Src/stm32f7xx_hal_cortex.o
 .debug_abbrev  0x0000118e      0x1d4 ./Drivers/STM32F7xx_HAL_Driver/Src/stm32f7xx_hal_gpio.o
 .debug_abbrev  0x00001362      0x1d5 ./Drivers/STM32F7xx_HAL_Driver/Src/stm32f7xx_hal_pwr_ex.o
 .debug_abbrev  0x00001537      0x288 ./Drivers/STM32F7xx_HAL_Driver/Src/stm32f7xx_hal_rcc.o
 .debug_abbrev  0x000017bf      0x1c9 ./Drivers/STM32F7xx_HAL_Driver/Src/stm32f7xx_hal_rcc_ex.o
 .debug_abbrev  0x00001988      0x2e6 ./Drivers/STM32F7xx_HAL_Driver/Src/stm32f7xx_hal_uart.o

.debug_aranges  0x00000000      0x928
 .debug_aranges
                0x00000000       0x20 ./Core/Src/DP83822.o
 .debug_aranges
                0x00000020       0x60 ./Core/Src/ethernet.o
 .debug_aranges
                0x00000080       0x68 ./Core/Src/main.o
 .debug_aranges
                0x000000e8       0x50 ./Core/Src/stm32f7xx_hal_msp.o
 .debug_aranges
                0x00000138       0x68 ./Core/Src/stm32f7xx_it.o
 .debug_aranges
                0x000001a0       0x28 ./Core/Src/system_stm32f7xx.o
 .debug_aranges
                0x000001c8       0x28 ./Core/Startup/startup_stm32f746zgtx.o
 .debug_aranges
                0x000001f0      0x100 ./Drivers/STM32F7xx_HAL_Driver/Src/stm32f7xx_hal.o
 .debug_aranges
                0x000002f0      0x138 ./Drivers/STM32F7xx_HAL_Driver/Src/stm32f7xx_hal_can.o
 .debug_aranges
                0x00000428      0x128 ./Drivers/STM32F7xx_HAL_Driver/Src/stm32f7xx_hal_cortex.o
 .debug_aranges
                0x00000550       0x58 ./Drivers/STM32F7xx_HAL_Driver/Src/stm32f7xx_hal_gpio.o
 .debug_aranges
                0x000005a8       0x80 ./Drivers/STM32F7xx_HAL_Driver/Src/stm32f7xx_hal_pwr_ex.o
 .debug_aranges
                0x00000628       0x88 ./Drivers/STM32F7xx_HAL_Driver/Src/stm32f7xx_hal_rcc.o
 .debug_aranges
                0x000006b0       0x50 ./Drivers/STM32F7xx_HAL_Driver/Src/stm32f7xx_hal_rcc_ex.o
 .debug_aranges
                0x00000700      0x228 ./Drivers/STM32F7xx_HAL_Driver/Src/stm32f7xx_hal_uart.o

.debug_rnglists
                0x00000000      0x6fb
 .debug_rnglists
                0x00000000       0x13 ./Core/Src/DP83822.o
 .debug_rnglists
                0x00000013       0x47 ./Core/Src/ethernet.o
 .debug_rnglists
                0x0000005a       0x4c ./Core/Src/main.o
 .debug_rnglists
                0x000000a6       0x3b ./Core/Src/stm32f7xx_hal_msp.o
 .debug_rnglists
                0x000000e1       0x49 ./Core/Src/stm32f7xx_it.o
 .debug_rnglists
                0x0000012a       0x1a ./Core/Src/system_stm32f7xx.o
 .debug_rnglists
                0x00000144       0x19 ./Core/Startup/startup_stm32f746zgtx.o
 .debug_rnglists
                0x0000015d       0xbb ./Drivers/STM32F7xx_HAL_Driver/Src/stm32f7xx_hal.o
 .debug_rnglists
                0x00000218       0xee ./Drivers/STM32F7xx_HAL_Driver/Src/stm32f7xx_hal_can.o
 .debug_rnglists
                0x00000306       0xda ./Drivers/STM32F7xx_HAL_Driver/Src/stm32f7xx_hal_cortex.o
 .debug_rnglists
                0x000003e0       0x3f ./Drivers/STM32F7xx_HAL_Driver/Src/stm32f7xx_hal_gpio.o
 .debug_rnglists
                0x0000041f       0x5f ./Drivers/STM32F7xx_HAL_Driver/Src/stm32f7xx_hal_pwr_ex.o
 .debug_rnglists
                0x0000047e       0x67 ./Drivers/STM32F7xx_HAL_Driver/Src/stm32f7xx_hal_rcc.o
 .debug_rnglists
                0x000004e5       0x3c ./Drivers/STM32F7xx_HAL_Driver/Src/stm32f7xx_hal_rcc_ex.o
 .debug_rnglists
                0x00000521      0x1da ./Drivers/STM32F7xx_HAL_Driver/Src/stm32f7xx_hal_uart.o

.debug_macro    0x00000000    0x25703
 .debug_macro   0x00000000      0x205 ./Core/Src/DP83822.o
 .debug_macro   0x00000205      0xad8 ./Core/Src/DP83822.o
 .debug_macro   0x00000cdd      0x299 ./Core/Src/DP83822.o
 .debug_macro   0x00000f76       0x2e ./Core/Src/DP83822.o
 .debug_macro   0x00000fa4       0x3b ./Core/Src/DP83822.o
 .debug_macro   0x00000fdf       0x22 ./Core/Src/DP83822.o
 .debug_macro   0x00001001       0x8e ./Core/Src/DP83822.o
 .debug_macro   0x0000108f       0x51 ./Core/Src/DP83822.o
 .debug_macro   0x000010e0      0x103 ./Core/Src/DP83822.o
 .debug_macro   0x000011e3       0x6a ./Core/Src/DP83822.o
 .debug_macro   0x0000124d      0x1df ./Core/Src/DP83822.o
 .debug_macro   0x0000142c       0x1c ./Core/Src/DP83822.o
 .debug_macro   0x00001448       0x22 ./Core/Src/DP83822.o
 .debug_macro   0x0000146a       0xd9 ./Core/Src/DP83822.o
 .debug_macro   0x00001543     0x12cd ./Core/Src/DP83822.o
 .debug_macro   0x00002810      0x11f ./Core/Src/DP83822.o
 .debug_macro   0x0000292f       0x19 ./Core/Src/DP83822.o
 .debug_macro   0x00002948    0x19222 ./Core/Src/DP83822.o
 .debug_macro   0x0001bb6a       0x6d ./Core/Src/DP83822.o
 .debug_macro   0x0001bbd7     0x375e ./Core/Src/DP83822.o
 .debug_macro   0x0001f335      0x190 ./Core/Src/DP83822.o
 .debug_macro   0x0001f4c5       0x63 ./Core/Src/DP83822.o
 .debug_macro   0x0001f528     0x18ad ./Core/Src/DP83822.o
 .debug_macro   0x00020dd5      0x6c4 ./Core/Src/DP83822.o
 .debug_macro   0x00021499      0x185 ./Core/Src/DP83822.o
 .debug_macro   0x0002161e      0x115 ./Core/Src/DP83822.o
 .debug_macro   0x00021733      0x1fd ./Core/Src/DP83822.o
 .debug_macro   0x00021930       0xa5 ./Core/Src/DP83822.o
 .debug_macro   0x000219d5      0x24f ./Core/Src/DP83822.o
 .debug_macro   0x00021c24       0x41 ./Core/Src/DP83822.o
 .debug_macro   0x00021c65       0x58 ./Core/Src/DP83822.o
 .debug_macro   0x00021cbd      0x236 ./Core/Src/DP83822.o
 .debug_macro   0x00021ef3      0x40f ./Core/Src/DP83822.o
 .debug_macro   0x00022302      0x14e ./Core/Src/DP83822.o
 .debug_macro   0x00022450      0x25a ./Core/Src/DP83822.o
 .debug_macro   0x000226aa       0x12 ./Core/Src/DP83822.o
 .debug_macro   0x000226bc      0x22c ./Core/Src/DP83822.o
 .debug_macro   0x000228e8       0x61 ./Core/Src/DP83822.o
 .debug_macro   0x00022949       0xa5 ./Core/Src/DP83822.o
 .debug_macro   0x000229ee      0x12e ./Core/Src/DP83822.o
 .debug_macro   0x00022b1c      0x108 ./Core/Src/DP83822.o
 .debug_macro   0x00022c24       0x35 ./Core/Src/DP83822.o
 .debug_macro   0x00022c59      0x77a ./Core/Src/DP83822.o
 .debug_macro   0x000233d3      0x1d5 ./Core/Src/DP83822.o
 .debug_macro   0x000235a8      0x56d ./Core/Src/DP83822.o
 .debug_macro   0x00023b15       0x44 ./Core/Src/DP83822.o
 .debug_macro   0x00023b59      0x14d ./Core/Src/DP83822.o
 .debug_macro   0x00023ca6      0x204 ./Core/Src/ethernet.o
 .debug_macro   0x00023eaa       0x16 ./Core/Src/ethernet.o
 .debug_macro   0x00023ec0      0x214 ./Core/Src/main.o
 .debug_macro   0x000240d4       0x10 ./Core/Src/main.o
 .debug_macro   0x000240e4      0x200 ./Core/Src/stm32f7xx_hal_msp.o
 .debug_macro   0x000242e4      0x214 ./Core/Src/stm32f7xx_it.o
 .debug_macro   0x000244f8      0x1f1 ./Core/Src/system_stm32f7xx.o
 .debug_macro   0x000246e9      0x215 ./Drivers/STM32F7xx_HAL_Driver/Src/stm32f7xx_hal.o
 .debug_macro   0x000248fe      0x200 ./Drivers/STM32F7xx_HAL_Driver/Src/stm32f7xx_hal_can.o
 .debug_macro   0x00024afe      0x1f1 ./Drivers/STM32F7xx_HAL_Driver/Src/stm32f7xx_hal_cortex.o
 .debug_macro   0x00024cef      0x1f7 ./Drivers/STM32F7xx_HAL_Driver/Src/stm32f7xx_hal_gpio.o
 .debug_macro   0x00024ee6      0x209 ./Drivers/STM32F7xx_HAL_Driver/Src/stm32f7xx_hal_pwr_ex.o
 .debug_macro   0x000250ef      0x215 ./Drivers/STM32F7xx_HAL_Driver/Src/stm32f7xx_hal_rcc.o
 .debug_macro   0x00025304      0x1f1 ./Drivers/STM32F7xx_HAL_Driver/Src/stm32f7xx_hal_rcc_ex.o
 .debug_macro   0x000254f5      0x20e ./Drivers/STM32F7xx_HAL_Driver/Src/stm32f7xx_hal_uart.o

.debug_line     0x00000000     0xc355
 .debug_line    0x00000000      0x796 ./Core/Src/DP83822.o
 .debug_line    0x00000796      0xb1f ./Core/Src/ethernet.o
 .debug_line    0x000012b5      0xa34 ./Core/Src/main.o
 .debug_line    0x00001ce9      0x95e ./Core/Src/stm32f7xx_hal_msp.o
 .debug_line    0x00002647      0x862 ./Core/Src/stm32f7xx_it.o
 .debug_line    0x00002ea9      0x801 ./Core/Src/system_stm32f7xx.o
 .debug_line    0x000036aa       0x7a ./Core/Startup/startup_stm32f746zgtx.o
 .debug_line    0x00003724      0xab4 ./Drivers/STM32F7xx_HAL_Driver/Src/stm32f7xx_hal.o
 .debug_line    0x000041d8     0x123a ./Drivers/STM32F7xx_HAL_Driver/Src/stm32f7xx_hal_can.o
 .debug_line    0x00005412      0xd34 ./Drivers/STM32F7xx_HAL_Driver/Src/stm32f7xx_hal_cortex.o
 .debug_line    0x00006146      0xc0e ./Drivers/STM32F7xx_HAL_Driver/Src/stm32f7xx_hal_gpio.o
 .debug_line    0x00006d54      0xa84 ./Drivers/STM32F7xx_HAL_Driver/Src/stm32f7xx_hal_pwr_ex.o
 .debug_line    0x000077d8      0xfa9 ./Drivers/STM32F7xx_HAL_Driver/Src/stm32f7xx_hal_rcc.o
 .debug_line    0x00008781      0xee5 ./Drivers/STM32F7xx_HAL_Driver/Src/stm32f7xx_hal_rcc_ex.o
 .debug_line    0x00009666     0x2cef ./Drivers/STM32F7xx_HAL_Driver/Src/stm32f7xx_hal_uart.o

.debug_str      0x00000000    0xe93d3
 .debug_str     0x00000000    0xe93d3 ./Core/Src/DP83822.o
                              0xe62f0 (size before relaxing)
 .debug_str     0x000e93d3        0x0 ./Core/Src/ethernet.o
                              0xe6dc9 (size before relaxing)
 .debug_str     0x000e93d3        0x0 ./Core/Src/main.o
                              0xe7162 (size before relaxing)
 .debug_str     0x000e93d3        0x0 ./Core/Src/stm32f7xx_hal_msp.o
                              0xe7096 (size before relaxing)
 .debug_str     0x000e93d3        0x0 ./Core/Src/stm32f7xx_it.o
                              0xe638d (size before relaxing)
 .debug_str     0x000e93d3        0x0 ./Core/Src/system_stm32f7xx.o
                              0xe652e (size before relaxing)
 .debug_str     0x000e93d3        0x0 ./Core/Startup/startup_stm32f746zgtx.o
                                 0x88 (size before relaxing)
 .debug_str     0x000e93d3        0x0 ./Drivers/STM32F7xx_HAL_Driver/Src/stm32f7xx_hal.o
                              0xe6e97 (size before relaxing)
 .debug_str     0x000e93d3        0x0 ./Drivers/STM32F7xx_HAL_Driver/Src/stm32f7xx_hal_can.o
                              0xe6b3c (size before relaxing)
 .debug_str     0x000e93d3        0x0 ./Drivers/STM32F7xx_HAL_Driver/Src/stm32f7xx_hal_cortex.o
                              0xe6eb4 (size before relaxing)
 .debug_str     0x000e93d3        0x0 ./Drivers/STM32F7xx_HAL_Driver/Src/stm32f7xx_hal_gpio.o
                              0xe65ec (size before relaxing)
 .debug_str     0x000e93d3        0x0 ./Drivers/STM32F7xx_HAL_Driver/Src/stm32f7xx_hal_pwr_ex.o
                              0xe679d (size before relaxing)
 .debug_str     0x000e93d3        0x0 ./Drivers/STM32F7xx_HAL_Driver/Src/stm32f7xx_hal_rcc.o
                              0xe6890 (size before relaxing)
 .debug_str     0x000e93d3        0x0 ./Drivers/STM32F7xx_HAL_Driver/Src/stm32f7xx_hal_rcc_ex.o
                              0xe67c8 (size before relaxing)
 .debug_str     0x000e93d3        0x0 ./Drivers/STM32F7xx_HAL_Driver/Src/stm32f7xx_hal_uart.o
                              0xe71dd (size before relaxing)

.comment        0x00000000       0x43
 .comment       0x00000000       0x43 ./Core/Src/DP83822.o
                                 0x44 (size before relaxing)
 .comment       0x00000043        0x0 ./Core/Src/ethernet.o
                                 0x44 (size before relaxing)
 .comment       0x00000043        0x0 ./Core/Src/main.o
                                 0x44 (size before relaxing)
 .comment       0x00000043        0x0 ./Core/Src/stm32f7xx_hal_msp.o
                                 0x44 (size before relaxing)
 .comment       0x00000043        0x0 ./Core/Src/stm32f7xx_it.o
                                 0x44 (size before relaxing)
 .comment       0x00000043        0x0 ./Core/Src/system_stm32f7xx.o
                                 0x44 (size before relaxing)
 .comment       0x00000043        0x0 ./Drivers/STM32F7xx_HAL_Driver/Src/stm32f7xx_hal.o
                                 0x44 (size before relaxing)
 .comment       0x00000043        0x0 ./Drivers/STM32F7xx_HAL_Driver/Src/stm32f7xx_hal_can.o
                                 0x44 (size before relaxing)
 .comment       0x00000043        0x0 ./Drivers/STM32F7xx_HAL_Driver/Src/stm32f7xx_hal_cortex.o
                                 0x44 (size before relaxing)
 .comment       0x00000043        0x0 ./Drivers/STM32F7xx_HAL_Driver/Src/stm32f7xx_hal_gpio.o
                                 0x44 (size before relaxing)
 .comment       0x00000043        0x0 ./Drivers/STM32F7xx_HAL_Driver/Src/stm32f7xx_hal_pwr_ex.o
                                 0x44 (size before relaxing)
 .comment       0x00000043        0x0 ./Drivers/STM32F7xx_HAL_Driver/Src/stm32f7xx_hal_rcc.o
                                 0x44 (size before relaxing)
 .comment       0x00000043        0x0 ./Drivers/STM32F7xx_HAL_Driver/Src/stm32f7xx_hal_rcc_ex.o
                                 0x44 (size before relaxing)
 .comment       0x00000043        0x0 ./Drivers/STM32F7xx_HAL_Driver/Src/stm32f7xx_hal_uart.o
                                 0x44 (size before relaxing)

.debug_frame    0x00000000     0x2440
 .debug_frame   0x00000000       0x2c ./Core/Src/DP83822.o
 .debug_frame   0x0000002c      0x150 ./Core/Src/ethernet.o
 .debug_frame   0x0000017c      0x140 ./Core/Src/main.o
 .debug_frame   0x000002bc      0x118 ./Core/Src/stm32f7xx_hal_msp.o
 .debug_frame   0x000003d4      0x120 ./Core/Src/stm32f7xx_it.o
 .debug_frame   0x000004f4       0x58 ./Core/Src/system_stm32f7xx.o
 .debug_frame   0x0000054c      0x3b4 ./Drivers/STM32F7xx_HAL_Driver/Src/stm32f7xx_hal.o
 .debug_frame   0x00000900      0x5a0 ./Drivers/STM32F7xx_HAL_Driver/Src/stm32f7xx_hal_can.o
 .debug_frame   0x00000ea0      0x4e8 ./Drivers/STM32F7xx_HAL_Driver/Src/stm32f7xx_hal_cortex.o
 .debug_frame   0x00001388      0x14c ./Drivers/STM32F7xx_HAL_Driver/Src/stm32f7xx_hal_gpio.o
 .debug_frame   0x000014d4      0x1c8 ./Drivers/STM32F7xx_HAL_Driver/Src/stm32f7xx_hal_pwr_ex.o
 .debug_frame   0x0000169c      0x1f8 ./Drivers/STM32F7xx_HAL_Driver/Src/stm32f7xx_hal_rcc.o
 .debug_frame   0x00001894      0x118 ./Drivers/STM32F7xx_HAL_Driver/Src/stm32f7xx_hal_rcc_ex.o
 .debug_frame   0x000019ac      0x9e8 ./Drivers/STM32F7xx_HAL_Driver/Src/stm32f7xx_hal_uart.o
 .debug_frame   0x00002394       0x20 C:/ST/STM32CubeIDE_1.13.2/STM32CubeIDE/plugins/com.st.stm32cube.ide.mcu.externaltools.gnu-tools-for-stm32.13.3.rel1.win32_1.0.100.202509120712/tools/bin/../lib/gcc/arm-none-eabi/13.3.1/../../../../arm-none-eabi/lib/thumb/v7e-m+fp/hard\libc_nano.a(libc_a-memset.o)
 .debug_frame   0x000023b4       0x2c C:/ST/STM32CubeIDE_1.13.2/STM32CubeIDE/plugins/com.st.stm32cube.ide.mcu.externaltools.gnu-tools-for-stm32.13.3.rel1.win32_1.0.100.202509120712/tools/bin/../lib/gcc/arm-none-eabi/13.3.1/../../../../arm-none-eabi/lib/thumb/v7e-m+fp/hard\libc_nano.a(libc_a-init.o)
 .debug_frame   0x000023e0       0x2c C:/ST/STM32CubeIDE_1.13.2/STM32CubeIDE/plugins/com.st.stm32cube.ide.mcu.externaltools.gnu-tools-for-stm32.13.3.rel1.win32_1.0.100.202509120712/tools/bin/../lib/gcc/arm-none-eabi/13.3.1/thumb/v7e-m+fp/hard\libgcc.a(_aeabi_uldivmod.o)
 .debug_frame   0x0000240c       0x34 C:/ST/STM32CubeIDE_1.13.2/STM32CubeIDE/plugins/com.st.stm32cube.ide.mcu.externaltools.gnu-tools-for-stm32.13.3.rel1.win32_1.0.100.202509120712/tools/bin/../lib/gcc/arm-none-eabi/13.3.1/thumb/v7e-m+fp/hard\libgcc.a(_udivmoddi4.o)

.debug_line_str
                0x00000000       0x6c
 .debug_line_str
                0x00000000       0x6c ./Core/Startup/startup_stm32f746zgtx.o
